// Jest Snapshot v1, https://goo.gl/fbAQLP

exports[`Card match snapshot 1`] = `
<DocumentFragment>
  <div>
    <h2
      class="undefined undefined "
    >
      HTML/CSS Ebook
    </h2>
    <p>
      Description of some
  book will displayed here Description of some
  book will displayed here Description of some
  book will displayed here
    </p>
    <div>
      <button
        class="undefined undefined
  undefined undefined
  undefined "
        type="button"
      >
        <img
          alt="icon action"
          src="assets/icons/next.svg"
        />
      </button>
      <button
        class="undefined undefined
  undefined undefined
  undefined "
        type="button"
      >
        <img
          alt="icon action"
          src="assets/icons/trash.svg"
        />
      </button>
    </div>
  </div>
  <div>
    <p>
      9:00 AM
    </p>
    <div
      class="undefined undefined"
    />
  </div>
</DocumentFragment>
`;

exports[`Card render 1`] = `
<h2
  class="undefined undefined "
>
  HTML/CSS Ebook
</h2>
`;
