// Jest Snapshot v1, https://goo.gl/fbAQLP

exports[`Popup match snapshot 1`] = `
<DocumentFragment>
  <section>
    <div>
      <h2
        class="undefined undefined "
      >
        Are you sure to deleted this book
      </h2>
      <p>
        This action can not undo, so please careful with this action
      </p>
      <div>
        <button
          class="undefined undefined
  undefined undefined
  undefined "
          type="button"
        >
          Cancel
        </button>
        <button
          class="undefined undefined
  undefined undefined
  undefined "
          type="button"
        >
          Ok
        </button>
      </div>
    </div>
  </section>
</DocumentFragment>
`;
