// Jest Snapshot v1, https://goo.gl/fbAQLP

exports[`Home match snapshot 1`] = `
<DocumentFragment>
  <main>
    <section>
      <div>
        <div
          class="undefined function search() { [native code] }"
        >
          <img
            alt="icon"
            src="assets/icons/search.svg"
          />
          <input
            placeholder="Search something..."
            type="text"
            value=""
          />
        </div>
        <nav>
          <ul>
            <li>
              <a
                class="undefined "
                href="/?sort=ascending"
              >
                Ascending
              </a>
            </li>
            <li>
              <a
                class="undefined "
                href="/?sort=descending"
              >
                Descending
              </a>
            </li>
          </ul>
        </nav>
        <button
          class="undefined undefined
  undefined undefined
  undefined "
          type="button"
        >
          <img
            alt="icon action"
            src="assets/icons/add.svg"
          />
          Create
        </button>
      </div>
      <div>
        <div>
          <p>
            HTML/CSS Ebook 1
          </p>
          <p>
            HTML/CSS Ebook 2
          </p>
          <p>
            HTML/CSS Ebook 3
          </p>
        </div>
      </div>
      <div>
        <button
          class="undefined undefined
  undefined undefined
  undefined "
          type="button"
        >
          1
        </button>
      </div>
    </section>
  </main>
</DocumentFragment>
`;

exports[`Home render 1`] = `<DocumentFragment />`;
